To honour the JVM settings for this build a single-use Daemon process will be forked. For more on this, please refer to https://docs.gradle.org/8.9/userguide/gradle_daemon.html#sec:disabling_the_daemon in the Gradle documentation.
Daemon will be stopped at the end of the build 
> Task :app:checkKotlinGradlePluginConfigurationErrors SKIPPED
> Task :app:preBuild UP-TO-DATE
> Task :app:preDebugBuild UP-TO-DATE
> Task :app:checkDebugAarMetadata UP-TO-DATE
> Task :app:generateDebugResValues UP-TO-DATE
> Task :app:processDebugGoogleServices UP-TO-DATE
> Task :app:mapDebugSourceSetPaths UP-TO-DATE
> Task :app:generateDebugResources UP-TO-DATE
> Task :app:mergeDebugResources UP-TO-DATE
> Task :app:packageDebugResources UP-TO-DATE
> Task :app:parseDebugLocalResources UP-TO-DATE
> Task :app:createDebugCompatibleScreenManifests UP-TO-DATE
> Task :app:extractDeepLinksDebug UP-TO-DATE
> Task :app:processDebugMainManifest UP-TO-DATE
> Task :app:processDebugManifest UP-TO-DATE
> Task :app:processDebugManifestForPackage UP-TO-DATE
> Task :app:processDebugResources UP-TO-DATE
> Task :app:kaptGenerateStubsDebugKotlin UP-TO-DATE
> Task :app:kaptDebugKotlin UP-TO-DATE

> Task :app:compileDebugKotlin
./gradlew : e: file:///C:/study/workly/app/src/main/java/com/exam
ple/workly/home/HomeScreens.kt:77:22 Unresolved reference 
'background'.
At line:1 char:1
+ ./gradlew :app:compileDebugKotlin --no-daemon --console=plain 
> build ...
+ ~~~~~~~~~~~~~~~~~~~~~~~~~~~~~~~~~~~~~~~~~~~~~~~~~~~~~~~~~~~~~~~
~~~~~~
    + CategoryInfo          : NotSpecified: (e: file:///C:/s...e 
    'background'.:String) [], RemoteException
    + FullyQualifiedErrorId : NativeCommandError
 
e: file:///C:/study/workly/app/src/main/java/com/example/workly/h
ome/HomeScreens.kt:121:22 Unresolved reference 'clickable'.
e: file:///C:/study/workly/app/src/main/java/com/example/workly/h
ome/HomeScreens.kt:156:30 Unresolved reference 'background'.
e: file:///C:/study/workly/app/src/main/java/com/example/workly/h
ome/HomeScreens.kt:166:49 Unresolved reference 'clickable'.
e: file:///C:/study/workly/app/src/main/java/com/example/workly/h
ome/HomeScreens.kt:207:45 Unresolved reference 'clickable'.
e: file:///C:/study/workly/app/src/main/java/com/example/workly/h
ome/HomeScreens.kt:248:22 Unresolved reference 'background'.
e: file:///C:/study/workly/app/src/main/java/com/example/workly/h
ome/HomeScreens.kt:326:14 Unresolved reference 'clickable'.
e: file:///C:/study/workly/app/src/main/java/com/example/workly/h
ome/HomeScreens.kt:384:26 Unresolved reference 'clickable'.
e: file:///C:/study/workly/app/src/main/java/com/example/workly/h
ome/HomeScreens.kt:429:22 Unresolved reference 'background'.
e: file:///C:/study/workly/app/src/main/java/com/example/workly/h
ome/HomeScreens.kt:436:92 Unresolved reference 'BorderStroke'.
e: file:///C:/study/workly/app/src/main/java/com/example/workly/h
ome/HomeScreens.kt:456:36 Unresolved reference 'context'.
e: file:///C:/study/workly/app/src/main/java/com/example/workly/h
ome/HomeScreens.kt:457:21 Unresolved reference 'context'.
e: file:///C:/study/workly/app/src/main/java/com/example/workly/h
ome/HomeScreens.kt:457:50 Unresolved reference 'context'.
e: file:///C:/study/workly/app/src/main/java/com/example/workly/h
ome/HomeScreens.kt:465:21 Unresolved reference 'context'.
e: file:///C:/study/workly/app/src/main/java/com/example/workly/h
ome/HomeScreens.kt:465:50 Unresolved reference 'context'.

> Task :app:compileDebugKotlin FAILED

FAILURE: Build failed with an exception.

* What went wrong:
Execution failed for task ':app:compileDebugKotlin'.
> A failure occurred while executing org.jetbrains.kotlin.compile
rRunner.GradleCompilerRunnerWithWorkers$GradleKotlinCompilerWorkA
ction
   > Compilation error. See log for more details

* Try:
> Run with --stacktrace option to get the stack trace.
> Run with --info or --debug option to get more log output.
> Run with --scan to get full insights.
> Get more help at https://help.gradle.org.

17 actionable tasks: 1 executed, 16 up-to-date
BUILD FAILED in 37s
